<html>
<body>
<pre>
<h1>µVision Build Log</h1>
<h2>Tool Versions:</h2>
IDE-Version: ¦ÌVision V5.29.0.0
Copyright (C) 2019 ARM Ltd and ARM Germany GmbH. All rights reserved.
License Information: joker sun, iflytek, LIC=D0D7S-LPSN0-LQW0Q-N4RIT-VLY22-1RCLQ
 
Tool Versions:
Toolchain:       MDK-ARM Plus  Version: 5.29.0.0
Toolchain Path:  C:\Keil_v5\ARM\ARMCC\Bin
C Compiler:      Armcc.exe V5.06 update 6 (build 750)
Assembler:       Armasm.exe V5.06 update 6 (build 750)
Linker/Locator:  ArmLink.exe V5.06 update 6 (build 750)
Library Manager: ArmAr.exe V5.06 update 6 (build 750)
Hex Converter:   FromElf.exe V5.06 update 6 (build 750)
CPU DLL:         SARMCM3.DLL V5.29.0.0
Dialog DLL:      DCM.DLL V1.17.3.0
Target DLL:      Segger\JL2CM3.dll V2.99.36.0
Dialog DLL:      TCM.DLL V1.36.5.0
 
<h2>Project:</h2>
C:\Users\Joker\Desktop\mpu6050-master\project\stm32f407\MDK\stm32f407.uvprojx
Project File Date:  11/18/2022

<h2>Output:</h2>
*** Using Compiler 'V5.06 update 6 (build 750)', folder: 'C:\Keil_v5\ARM\ARMCC\Bin'
Rebuild target 'stm32f407'
compiling driver_mpu6050_fifo_test.c...
compiling shell.c...
compiling driver_mpu6050_read_test.c...
compiling driver_mpu6050_dmp_pedometer_test.c...
compiling driver_mpu6050_dmp_tap_orient_motion_test.c...
compiling driver_mpu6050_dmp_read_test.c...
compiling driver_mpu6050_basic.c...
compiling driver_mpu6050_fifo.c...
compiling driver_mpu6050_dmp.c...
compiling driver_mpu6050.c...
compiling driver_mpu6050_register_test.c...
compiling system_stm32f4xx.c...
compiling clock.c...
compiling delay.c...
compiling stm32f407_driver_mpu6050_interface.c...
compiling stm32f4xx_hal_msp.c...
compiling uart.c...
compiling iic.c...
compiling main.c...
compiling stm32f4xx_it.c...
compiling gpio.c...
compiling stm32f4xx_hal.c...
compiling stm32f4xx_hal_cec.c...
compiling stm32f4xx_hal_dac.c...
compiling stm32f4xx_hal_cortex.c...
compiling stm32f4xx_hal_crc.c...
compiling stm32f4xx_hal_cryp_ex.c...
compiling stm32f4xx_hal_cryp.c...
compiling stm32f4xx_hal_dac_ex.c...
compiling stm32f4xx_hal_adc.c...
compiling stm32f4xx_hal_adc_ex.c...
compiling stm32f4xx_hal_can.c...
compiling stm32f4xx_hal_dcmi.c...
compiling stm32f4xx_hal_dfsdm.c...
compiling stm32f4xx_hal_dcmi_ex.c...
compiling stm32f4xx_hal_exti.c...
compiling stm32f4xx_hal_dma.c...
compiling stm32f4xx_hal_dsi.c...
compiling stm32f4xx_hal_eth.c...
compiling stm32f4xx_hal_dma2d.c...
compiling stm32f4xx_hal_flash.c...
compiling stm32f4xx_hal_flash_ex.c...
compiling stm32f4xx_hal_flash_ramfunc.c...
compiling stm32f4xx_hal_dma_ex.c...
compiling stm32f4xx_hal_fmpi2c.c...
compiling stm32f4xx_hal_hash.c...
compiling stm32f4xx_hal_fmpi2c_ex.c...
compiling stm32f4xx_hal_hash_ex.c...
compiling stm32f4xx_hal_i2c_ex.c...
compiling stm32f4xx_hal_gpio.c...
compiling stm32f4xx_hal_hcd.c...
compiling stm32f4xx_hal_irda.c...
compiling stm32f4xx_hal_i2s.c...
compiling stm32f4xx_hal_i2s_ex.c...
compiling stm32f4xx_hal_i2c.c...
compiling stm32f4xx_hal_ltdc_ex.c...
compiling stm32f4xx_hal_lptim.c...
compiling stm32f4xx_hal_iwdg.c...
compiling stm32f4xx_hal_mmc.c...
compiling stm32f4xx_hal_pccard.c...
compiling stm32f4xx_hal_ltdc.c...
compiling stm32f4xx_hal_nor.c...
compiling stm32f4xx_hal_pcd_ex.c...
compiling stm32f4xx_hal_pwr.c...
compiling stm32f4xx_hal_nand.c...
compiling stm32f4xx_hal_pcd.c...
compiling stm32f4xx_hal_sai_ex.c...
compiling stm32f4xx_hal_rng.c...
compiling stm32f4xx_hal_sai.c...
compiling stm32f4xx_hal_pwr_ex.c...
compiling stm32f4xx_hal_sdram.c...
compiling stm32f4xx_hal_rtc_ex.c...
compiling stm32f4xx_hal_qspi.c...
compiling stm32f4xx_hal_rcc_ex.c...
compiling stm32f4xx_hal_rtc.c...
compiling stm32f4xx_hal_rcc.c...
compiling stm32f4xx_hal_sd.c...
compiling stm32f4xx_ll_adc.c...
compiling stm32f4xx_ll_crc.c...
compiling stm32f4xx_ll_dac.c...
compiling stm32f4xx_ll_dma.c...
compiling stm32f4xx_ll_dma2d.c...
compiling stm32f4xx_ll_exti.c...
compiling stm32f4xx_hal_tim_ex.c...
compiling stm32f4xx_hal_wwdg.c...
compiling stm32f4xx_hal_usart.c...
compiling stm32f4xx_ll_gpio.c...
compiling stm32f4xx_ll_i2c.c...
compiling stm32f4xx_ll_lptim.c...
compiling stm32f4xx_ll_pwr.c...
compiling stm32f4xx_hal_smartcard.c...
compiling stm32f4xx_ll_rng.c...
compiling stm32f4xx_ll_rcc.c...
compiling stm32f4xx_hal_smbus.c...
compiling stm32f4xx_ll_rtc.c...
compiling stm32f4xx_ll_fmc.c...
compiling stm32f4xx_ll_usart.c...
compiling stm32f4xx_ll_spi.c...
compiling stm32f4xx_hal_spdifrx.c...
compiling stm32f4xx_ll_tim.c...
assembling startup_stm32f407xx_mdk.s...
compiling stm32f4xx_hal_sram.c...
compiling stm32f4xx_hal_uart.c...
compiling stm32f4xx_hal_tim.c...
compiling stm32f4xx_hal_spi.c...
compiling stm32f4xx_ll_sdmmc.c...
compiling stm32f4xx_ll_fsmc.c...
compiling stm32f4xx_ll_usb.c...
compiling stm32f4xx_ll_utils.c...
linking...
Program Size: Code=38724 RO-data=1000 RW-data=3112 ZI-data=11536  
FromELF: creating hex file...
"..\output\mdk\mpu6050.axf" - 0 Error(s), 0 Warning(s).

<h2>Software Packages used:</h2>

Package Vendor: Keil
                http://www.keil.com/pack/Keil.STM32F4xx_DFP.2.14.0.pack
                Keil.STM32F4xx_DFP.2.14.0
                STMicroelectronics STM32F4 Series Device Support, Drivers and Examples

<h2>Collection of Component include folders:</h2>
  .\RTE\_stm32f407
  C:\Users\Joker\AppData\Local\Arm\Packs\Keil\STM32F4xx_DFP\2.14.0\Drivers\CMSIS\Device\ST\STM32F4xx\Include

<h2>Collection of Component Files used:</h2>
Build Time Elapsed:  00:03:03
</pre>
</body>
</html>
